{
  "count": 12,
  "nextIndex": 1,
  "rowIndex": 2,
  "scaleNotes": [
    {
      "flats": 0,
      "note": "C",
      "semitones": 0,
      "sharps": 0
    },
    {
      "flats": 0,
      "note": "C♯",
      "semitones": 1,
      "sharps": 1
    },
    {
      "flats": 0,
      "note": "D",
      "semitones": 2,
      "sharps": 0
    },
    {
      "flats": 1,
      "note": "E♭",
      "semitones": 3,
      "sharps": 0
    },
    {
      "flats": 0,
      "note": "E",
      "semitones": 4,
      "sharps": 0
    },
    {
      "flats": 0,
      "note": "F",
      "semitones": 5,
      "sharps": 0
    },
    {
      "flats": 0,
      "note": "F♯",
      "semitones": 6,
      "sharps": 1
    },
    {
      "flats": 0,
      "note": "G",
      "semitones": 7,
      "sharps": 0
    },
    {
      "flats": 0,
      "note": "G♯",
      "semitones": 8,
      "sharps": 1
    },
    {
      "flats": 0,
      "note": "A",
      "semitones": 9,
      "sharps": 0
    },
    {
      "flats": 1,
      "note": "B♭",
      "semitones": 10,
      "sharps": 0
    },
    {
      "flats": 0,
      "note": "B",
      "semitones": 11,
      "sharps": 0
    }
  ]
}
